
[92m [0m[32m 4 passing[0m[90m (11ms)[0m


[92m [0m[32m 5 passing[0m[90m (12ms)[0m
